Starting job on node: node52.enst.fr
Job started at: dim. 24 août 2025 21:14:12 CEST
Files already downloaded and verified
Files already downloaded and verified
Files already downloaded and verified
Aligning layer: features.0
  Activation shapes - Ref: torch.Size([1024, 64, 224, 224]), Alt: torch.Size([1024, 64, 224, 224])
  Computing EMD matrix for 64 channels/neurons...
  EMD matrix computed, shape: (64, 64)
  EMD range: [0.000000, 589402368.000000]
  Solving optimal transport...
  Permutation computed: [59 25 63 29  4 15 22  7  3 55]... (showing first 10)
  Layer features.0 aligned successfully
Aligning layer: features.3
  Activation shapes - Ref: torch.Size([1024, 128, 112, 112]), Alt: torch.Size([1024, 128, 112, 112])
  Computing EMD matrix for 128 channels/neurons...
  EMD matrix computed, shape: (128, 128)
  EMD range: [556219.500000, 214222816.000000]
  Solving optimal transport...
  Permutation computed: [ 60  45 104  92  20   4 106  19  23  14]... (showing first 10)
  Layer features.3 aligned successfully
Aligning layer: features.6
  Activation shapes - Ref: torch.Size([1024, 256, 56, 56]), Alt: torch.Size([1024, 256, 56, 56])
  Computing EMD matrix for 256 channels/neurons...
  EMD matrix computed, shape: (256, 256)
  EMD range: [202595.750000, 41107832.000000]
  Solving optimal transport...
  Permutation computed: [128 108 111 247 103 249 209 131  78 200]... (showing first 10)
  Layer features.6 aligned successfully
Aligning layer: features.8
  Activation shapes - Ref: torch.Size([1024, 256, 56, 56]), Alt: torch.Size([1024, 256, 56, 56])
  Computing EMD matrix for 256 channels/neurons...
  EMD matrix computed, shape: (256, 256)
  EMD range: [630404.750000, 64345400.000000]
  Solving optimal transport...
  Permutation computed: [109  91 220 232  32  11 181 240  52 137]... (showing first 10)
  Layer features.8 aligned successfully
Aligning layer: features.11
  Activation shapes - Ref: torch.Size([1024, 512, 28, 28]), Alt: torch.Size([1024, 512, 28, 28])
  Computing EMD matrix for 512 channels/neurons...
  EMD matrix computed, shape: (512, 512)
  EMD range: [154409.625000, 15696742.000000]
  Solving optimal transport...
  Permutation computed: [424 102 408 157 295 306 214 120  32 469]... (showing first 10)
  Layer features.11 aligned successfully
Aligning layer: features.13
  Activation shapes - Ref: torch.Size([1024, 512, 28, 28]), Alt: torch.Size([1024, 512, 28, 28])
  Computing EMD matrix for 512 channels/neurons...
  EMD matrix computed, shape: (512, 512)
  EMD range: [315334.000000, 25717632.000000]
  Solving optimal transport...
  Permutation computed: [191 209 318  31  44 374 386 286 181  80]... (showing first 10)
  Layer features.13 aligned successfully
Aligning layer: features.16
  Activation shapes - Ref: torch.Size([1024, 512, 14, 14]), Alt: torch.Size([1024, 512, 14, 14])
  Computing EMD matrix for 512 channels/neurons...
  EMD matrix computed, shape: (512, 512)
  EMD range: [191397.250000, 9815912.000000]
  Solving optimal transport...
  Permutation computed: [245 101 370 436 109 480 503 288  34 328]... (showing first 10)
  Layer features.16 aligned successfully
Aligning layer: features.18
  Activation shapes - Ref: torch.Size([1024, 512, 14, 14]), Alt: torch.Size([1024, 512, 14, 14])
  Computing EMD matrix for 512 channels/neurons...
  EMD matrix computed, shape: (512, 512)
  EMD range: [364453.500000, 17360056.000000]
  Solving optimal transport...
  Permutation computed: [485 284  85 153 352 380 230 117 338 132]... (showing first 10)
  Layer features.18 aligned successfully
Aligning layer: classifier.0
  Activation shapes - Ref: torch.Size([1024, 4096]), Alt: torch.Size([1024, 4096])
  Computing EMD matrix for 4096 channels/neurons...
  EMD matrix computed, shape: (4096, 4096)
  EMD range: [1518.269043, 56029.730469]
  Solving optimal transport...
  Permutation computed: [3958 2755 2272 3510 3234 3214 2292 3034 3609 1105]... (showing first 10)
  Layer classifier.0 aligned successfully
Aligning layer: classifier.3
  Activation shapes - Ref: torch.Size([1024, 4096]), Alt: torch.Size([1024, 4096])
  Computing EMD matrix for 4096 channels/neurons...
  EMD matrix computed, shape: (4096, 4096)
  EMD range: [141.486252, 9537.866211]
  Solving optimal transport...
  Permutation computed: [2409 3780 2706 3838 3461  132 1914  819 2008 3491]... (showing first 10)
  Layer classifier.3 aligned successfully
False
Files already downloaded and verified
Test acc 3=0.7955
Test acc 2=0.7955
Test acc 1=0.7831
Uniform soup saved to vgg11_cifar10_soup1.pth
Test acc soup aligned =0.5686
Uniform soup saved to vgg11_cifar10_soup2.pth
Test acc soup not aligned=0.1000
False
False
State dicts close: False
State dicts close: False
Job finished at: dim. 24 août 2025 21:16:39 CEST
